wine-1.3.26	xliveless2
wine-1.3.27	origins
wine-1.3.27	rawinput2
wine-1.3.28	vertex-blending
wine-1.3.16	xliveless2
wine-1.3.34	rawinput2
wine-1.3.34	vertex-blending
wine-1.4-rc4	raw3
wine-1.4-rc4	xliveless2
wine-1.4-rc5	d3d_doublebuffer
wine-1.3.37	ubisoft
wine-1.4.rc6	xliveless-no_xinput2
wine-1.4.rc4    xliveless-no_xinput2
wine-1.4	ubisoft
wine-1.5.0	raw3
wine-1.4	vsync
wine-1.5.1	old_republic
wine-1.5.0	heap_allocation_v2
wine-1.4-rc6	heap_allocation_v2
wine-1.3.37	mousefix_osx1
wine-1.5.2	OpenInputDesktop
wine-1.3.20	AgeOfEmpireII
wine-1.3.27	onlive
wine-1.5.3	heap_allocation_v2-avoid_deadlock
wine-1.5.3	ubisoft2
wine-1.5.3	ubisoft2_gcrypt
wine-1.5.3	xliveless2-rawinput3
wine-1.5.3	LeagueOfLegends
wine-1.5.4	xliveless3-rawinput3
wine-1.4	Nostale
wine-1.3.27	NostaleMouse
wine-1.5.5	DiabloIII_v2
wine-1.5.5	DiabloIII_v3
wine-1.5.5	usb-1.5.5
wine-1.5.5	LeagueOfLegends
wine-1.5.5	no-s3tc
wine-1.5.4	gw2
wine-1.5.9	WorldOfTank
wine-1.5.9	raw3
wine-1.3.32	tlj
wine-1.5.10	battlefront
wine-1.5.7	vertex_shader
wine-1.5.11	GuildWars2
wine-1.4.1	GuildWars2
wine-1.5.12	GuildWars2
wine-1.5.13	dinput_azerty
wine-1.5.18	LeagueOfLegends
wine-1.5.12	LeagueOfLegends
wine-1.5.12	LeagueOfLegendsShop
wine-1.4.1	xliveless3-rawinput3
wine-1.2.3	vertex_blend_sw
wine-1.4.1	allow_badexe_hack
wine-1.5.20	Reason5Menu
wine-1.4.1      Tera
wine-1.5.24	LeagueOfLegendsShop
wine-1.5.26	d3d_doublebuffer
wine-1.5.5      Tera
wine-1.5.27	NeedForSpeed
wine-1.5.28	PathOfExile
wine-1.5.28	GuildWars2
wine-1.5.28	Origin
wine-1.5.28	TERA
wine-1.5.28	Lightroom
wine-1.5.27	PlanetSide2
wine-1.5.1	Starcraft_battlenet
wine-1.5.30	XRandR-force
wine-1.5.30	TERA
wine-1.5.5	SAI
wine-1.5.28	PathOfExile-1.5.28
wine-1.5.22	NapoleonTotalWAR
wine-1.5.28	TombRaider
wine-1.7	LeagueOfLegends
wine-1.7.1	CSMT
wine-1.6	TomTomHOME
wine-1.7.1	GuildWars2
wine-1.6	TERA
wine-1.7.14     imm32_bug35361
wine-1.7.15	CS-0.6-7173c38
wine-1.7.17	WGL_WINE_surface
wine-1.7.19     LeagueOfLegends
wine-1.7.19	WolfensteinNewOrder
wine-1.7.19	WGL_WINE_surface2
wine-1.7.19     LeagueOfLegends2
wine-1.7.18     CS-0.8-f1cf438
wine-1.7.20     PhotoshopBrushes
wine-1.7.21	swotor
wine-1.7.19     swotor
wine-1.7.18     LeagueOfLegends3
wine-1.7.22	d3dforce
wine-1.7.24	CS-0.9.1
wine-1.7.11     lightroom54
wine-1.7.24	LeagueOfLegendsCSMT
wine-1.7.4	vertex-blending-1.7.4
wine-1.7.28	FindFirstFile
wine-1.7.23	WGL-ShareList
wine-1.7.27	PathOfExile-1.7.27
wine-1.7.30	PlanetSide2MouseJitter
wine-1.7.14	NapoleonTotalWAR
wine-1.7.24	CS-0.9.1-DXHR2
wine-1.7.31	CSMT-3f0bf73
wine-1.7.33	WGL-ShareList
wine-1.7.33	LeagueOfLegends2
wine-1.7.34	CSMT-cf92569
wine-1.7.35	server-ClipCursor
wine-1.7.34	PhotoshopBrushes
wine-1.7.37     staging
wine-1.7.17	Memcpy_fix
wine-1.7.41	PhotoshopBrushes
wine-1.7.43	staging-LOL
wine-1.7.31	CSMT-3f0bf73-WGL_WINE_surface
wine-1.7.44	witcher1
wine-1.7.48	WGL-ShareList
wine-1.7.52	LeagueOfLegends4
wine-1.7.52	staging-LOL2
wine-1.7.52	LeagueOfLegends5
wine-1.7.52	staging-LOL3
